// Bun Snapshot v1, https://bun.sh/docs/test/snapshots

exports[`PlanTaskTree snapshots plan list structure matches snapshot 1`] = `
[
  {
    "id": "p1",
    "status": "running",
    "taskCount": 1,
    "title": "Plan Alpha",
  },
  {
    "id": "p2",
    "status": "completed",
    "taskCount": 0,
    "title": "Plan Beta",
  },
  {
    "id": "p3",
    "status": "failed",
    "taskCount": 2,
    "title": "Plan Gamma",
  },
]
`;

exports[`PlanTaskTree snapshots empty plans list produces empty-state snapshot 1`] = `
{
  "count": 0,
  "isEmpty": true,
}
`;

exports[`PlanTaskTree snapshots plan keys (ids) match snapshot 1`] = `
[
  "snap-p1",
  "snap-p2",
]
`;

exports[`PlanTaskTree snapshots renders nested plan/task hierarchy with inline detail lines 1`] = `
"◉ 帮我做一个卖书的网站
1/2 done · 1 ready
Current focus: #2 数据库 Schema & Migration
Ctrl+O toggle focus · Ctrl+Shift+O toggle all

Task List
├─ • ✓ #1 项目初始化 & 工程配置
└─ ▾ ◆ #2 数据库 Schema & Migration  › needs verification
   ├─ • ✓ #3 编写 books / categories / tags 表 migration + index
   └─ • □ #4 编写 payments 表 + 支付状态枚举类型  › ready"
`;
